// Jest Snapshot v1, https://goo.gl/fbAQLP

exports[`<RowsBody/> should render a RowsBody 1`] = `ShallowWrapper {}`;
