// Jest Snapshot v1, https://goo.gl/fbAQLP

exports[`<InputForm/> should render a InputForm 1`] = `ShallowWrapper {}`;
