// Jest Snapshot v1, https://goo.gl/fbAQLP

exports[`<Button/> should render a Button 1`] = `ShallowWrapper {}`;

exports[`<InputForm/> 1st test 1`] = `ShallowWrapper {}`;
